<18 May 2026 14:27:43> [TT3Unit.SetInstanceIndex] InstanceName : Ahmad Yani - 351 ; InstanceIndex : 28350
<18 May 2026 14:27:43> [TT3Unit.SetInstanceIndex] InstanceName : Andau - 650 ; InstanceIndex : 28428
<18 May 2026 14:27:43> [TT3Unit.SetInstanceIndex] InstanceName : Bontang - 907 ; InstanceIndex : 28352
<18 May 2026 14:27:43> [TT3Unit.SetInstanceIndex] InstanceName : Frigate X - 1 ; InstanceIndex : 28433
<18 May 2026 14:27:43> [TT3Unit.SetInstanceIndex] InstanceName : Karel Satsuitubun - 356 ; InstanceIndex : 28374
<04 Oct 2023 12:35:21> [LoadScenarioID] Load Peta
<04 Oct 2023 12:35:21> [LoadScenarioID] D:\Map\GST_GAME\AOTC\Prince Map\Prince Map.gst
<04 Oct 2023 12:35:21> [LoadScenarioID] EOleException error raised, with message : Unable to create map layer
<04 Oct 2023 12:35:21> [netVBSOnDisConnected] Disonnected to VBS Socket
<04 Oct 2023 12:35:21> [netVBSOnDisConnected] Disonnected to VBS Socket
<04 Oct 2023 12:35:21> [netVBSOnDisConnected] Disonnected to VBS Socket
<04 Oct 2023 12:35:21> [netVBSOnDisConnected] Disonnected to VBS Socket
<04 Oct 2023 12:35:21> [netVBSOnDisConnected] Disonnected to VBS Socket
<04 Oct 2023 12:35:21> [netVBSOnDisConnected] Disonnected to VBS Socket
<04 Oct 2023 12:35:21> [netVBSOnDisConnected] Disonnected to VBS Socket
<04 Oct 2023 12:35:21> [netVBSOnDisConnected] Disonnected to VBS Socket
<04 Oct 2023 12:35:21> [netVBSOnDisConnected] Disonnected to VBS Socket
<04 Oct 2023 12:35:21> [netVBSOnDisConnected] Disonnected to VBS Socket
<04 Oct 2023 12:35:21> [netVBSOnDisConnected] Disonnected to VBS Socket
<04 Oct 2023 12:35:21> [netVBSOnDisConnected] Disonnected to VBS Socket
<04 Oct 2023 12:35:21> [netVBSOnDisConnected] Disonnected to VBS Socket
<04 Oct 2023 12:35:21> [netVBSOnDisConnected] Disonnected to VBS Socket
